
> my-app@0.1.0 build
> next build --turbopack

   ▲ Next.js 15.5.3 (Turbopack)
   - Environments: .env

   Creating an optimized production build ...
 ⚠ Slow filesystem detected. The benchmark took 264ms. If /home/work/w2l_v1.0/.next is a network drive, consider moving it to a local folder. If you have an antivirus enabled, consider excluding your project directory.
 ✓ Finished writing to disk in 73ms
 ✓ Compiled successfully in 23.0s
   Linting and checking validity of types ...
Failed to compile.

Type error: Type 'typeof import("/home/work/w2l_v1.0/app/api/journal-templates/[id]/route")' does not satisfy the constraint 'RouteHandlerConfig<"/api/journal-templates/[id]">'.
  Types of property 'GET' are incompatible.
    Type '(request: Request, { params }: { params: { id: string; }; }) => Promise<NextResponse<{ error: string; }> | NextResponse<JournalTemplate>>' is not assignable to type '(request: NextRequest, context: { params: Promise<{ id: string; }>; }) => void | Response | Promise<void | Response>'.
      Types of parameters '__1' and 'context' are incompatible.
        Type '{ params: Promise<{ id: string; }>; }' is not assignable to type '{ params: { id: string; }; }'.
          Types of property 'params' are incompatible.
            Property 'id' is missing in type 'Promise<{ id: string; }>' but required in type '{ id: string; }'.

Next.js build worker exited with code: 1 and signal: null
